line 1 : Found VAR [lexeme: var, literal: n/a]
line 1 : Found IDENTIFIER [lexeme: count, literal: n/a]
line 1 : Found EQUAL [lexeme: =, literal: n/a]
line 1 : Found NUMBER [lexeme: 5, literal: 5]
line 1 : Found SEMICOLON [lexeme: ;, literal: n/a]
line 2 : Found PROCLAMATION [lexeme: proclamation, literal: n/a]
line 2 : Found IDENTIFIER [lexeme: count_changed, literal: n/a]
line 2 : Found SEMICOLON [lexeme: ;, literal: n/a]
line 4 : Found PROCLAIM [lexeme: proclaim, literal: n/a]
line 4 : Found IDENTIFIER [lexeme: count_changed, literal: n/a]
line 4 : Found SEMICOLON [lexeme: ;, literal: n/a]
line 6 : Found UPON [lexeme: upon, literal: n/a]
line 6 : Found LEFT_PAREN [lexeme: (, literal: n/a]
line 6 : Found IDENTIFIER [lexeme: count_changed, literal: n/a]
line 6 : Found RIGHT_PAREN [lexeme: ), literal: n/a]
line 6 : Found LEFT_BRACE [lexeme: {, literal: n/a]
line 7 : Found IDENTIFIER [lexeme: say, literal: n/a]
line 7 : Found STRING [lexeme: "The count has changed.", literal: The count has changed.]
line 7 : Found SEMICOLON [lexeme: ;, literal: n/a]
line 8 : Found RIGHT_BRACE [lexeme: }, literal: n/a]
line 8 : Found EOF [lexeme: , literal: n/a]
