line 1 : Found VAR [lexeme: var, literal: n/a]
line 1 : Found IDENTIFIER [lexeme: age, literal: n/a]
line 1 : Found EQUAL [lexeme: =, literal: n/a]
line 1 : Found NUMBER [lexeme: 20, literal: 20]
line 1 : Found SEMICOLON [lexeme: ;, literal: n/a]
line 3 : Found IF [lexeme: provided, literal: n/a]
line 3 : Found LEFT_PAREN [lexeme: (, literal: n/a]
line 3 : Found IDENTIFIER [lexeme: age, literal: n/a]
line 3 : Found EQUAL_EQUAL [lexeme: ==, literal: n/a]
line 3 : Found NUMBER [lexeme: 40, literal: 40]
line 3 : Found RIGHT_PAREN [lexeme: ), literal: n/a]
line 3 : Found LEFT_BRACE [lexeme: {, literal: n/a]
line 4 : Found IDENTIFIER [lexeme: say, literal: n/a]
line 4 : Found NUMBER [lexeme: 0, literal: 0]
line 4 : Found SEMICOLON [lexeme: ;, literal: n/a]
line 5 : Found RIGHT_BRACE [lexeme: }, literal: n/a]
line 6 : Found YET [lexeme: yet, literal: n/a]
line 6 : Found LEFT_PAREN [lexeme: (, literal: n/a]
line 6 : Found IDENTIFIER [lexeme: age, literal: n/a]
line 6 : Found GREATER [lexeme: >, literal: n/a]
line 6 : Found NUMBER [lexeme: 20, literal: 20]
line 6 : Found RIGHT_PAREN [lexeme: ), literal: n/a]
line 6 : Found LEFT_BRACE [lexeme: {, literal: n/a]
line 7 : Found IDENTIFIER [lexeme: say, literal: n/a]
line 7 : Found NUMBER [lexeme: 1, literal: 1]
line 7 : Found SEMICOLON [lexeme: ;, literal: n/a]
line 8 : Found RIGHT_BRACE [lexeme: }, literal: n/a]
line 9 : Found ELSE [lexeme: otherwise, literal: n/a]
line 9 : Found LEFT_BRACE [lexeme: {, literal: n/a]
line 10 : Found IDENTIFIER [lexeme: say, literal: n/a]
line 10 : Found NUMBER [lexeme: 2, literal: 2]
line 10 : Found SEMICOLON [lexeme: ;, literal: n/a]
line 11 : Found RIGHT_BRACE [lexeme: }, literal: n/a]
line 14 : Found IF [lexeme: provided, literal: n/a]
line 14 : Found LEFT_PAREN [lexeme: (, literal: n/a]
line 14 : Found IDENTIFIER [lexeme: age, literal: n/a]
line 14 : Found EQUAL_EQUAL [lexeme: ==, literal: n/a]
line 14 : Found NUMBER [lexeme: 40, literal: 40]
line 14 : Found RIGHT_PAREN [lexeme: ), literal: n/a]
line 14 : Found LEFT_BRACE [lexeme: {, literal: n/a]
line 15 : Found IDENTIFIER [lexeme: say, literal: n/a]
line 15 : Found TRUE [lexeme: Yea, literal: n/a]
line 15 : Found SEMICOLON [lexeme: ;, literal: n/a]
line 16 : Found RIGHT_BRACE [lexeme: }, literal: n/a]
line 17 : Found ELSE [lexeme: otherwise, literal: n/a]
line 17 : Found LEFT_BRACE [lexeme: {, literal: n/a]
line 18 : Found IDENTIFIER [lexeme: say, literal: n/a]
line 18 : Found FALSE [lexeme: Nay, literal: n/a]
line 18 : Found SEMICOLON [lexeme: ;, literal: n/a]
line 19 : Found RIGHT_BRACE [lexeme: }, literal: n/a]
line 21 : Found IF [lexeme: provided, literal: n/a]
line 21 : Found LEFT_PAREN [lexeme: (, literal: n/a]
line 21 : Found IDENTIFIER [lexeme: age, literal: n/a]
line 21 : Found EQUAL_EQUAL [lexeme: ==, literal: n/a]
line 21 : Found NUMBER [lexeme: 40, literal: 40]
line 21 : Found RIGHT_PAREN [lexeme: ), literal: n/a]
line 21 : Found LEFT_BRACE [lexeme: {, literal: n/a]
line 22 : Found IDENTIFIER [lexeme: say, literal: n/a]
line 22 : Found TRUE [lexeme: Yea, literal: n/a]
line 22 : Found SEMICOLON [lexeme: ;, literal: n/a]
line 23 : Found RIGHT_BRACE [lexeme: }, literal: n/a]
line 24 : Found IF [lexeme: provided, literal: n/a]
line 24 : Found LEFT_PAREN [lexeme: (, literal: n/a]
line 24 : Found IDENTIFIER [lexeme: age, literal: n/a]
line 24 : Found EQUAL_EQUAL [lexeme: ==, literal: n/a]
line 24 : Found NUMBER [lexeme: 20, literal: 20]
line 24 : Found RIGHT_PAREN [lexeme: ), literal: n/a]
line 24 : Found LEFT_BRACE [lexeme: {, literal: n/a]
line 25 : Found IDENTIFIER [lexeme: say, literal: n/a]
line 25 : Found TRUE [lexeme: Yea, literal: n/a]
line 25 : Found SEMICOLON [lexeme: ;, literal: n/a]
line 26 : Found RIGHT_BRACE [lexeme: }, literal: n/a]
line 26 : Found EOF [lexeme: , literal: n/a]
