line 1 : Found FUNC [lexeme: func, literal: n/a]
line 1 : Found IDENTIFIER [lexeme: add, literal: n/a]
line 1 : Found LEFT_PAREN [lexeme: (, literal: n/a]
line 1 : Found RIGHT_PAREN [lexeme: ), literal: n/a]
line 1 : Found LEFT_BRACE [lexeme: {, literal: n/a]
line 2 : Found RETURN [lexeme: requite, literal: n/a]
line 2 : Found LEFT_PAREN [lexeme: (, literal: n/a]
line 2 : Found NUMBER [lexeme: 1, literal: 1]
line 2 : Found PLUS [lexeme: +, literal: n/a]
line 2 : Found NUMBER [lexeme: 2, literal: 2]
line 2 : Found RIGHT_PAREN [lexeme: ), literal: n/a]
line 2 : Found SEMICOLON [lexeme: ;, literal: n/a]
line 3 : Found RIGHT_BRACE [lexeme: }, literal: n/a]
line 5 : Found FUNC [lexeme: func, literal: n/a]
line 5 : Found IDENTIFIER [lexeme: add_custom, literal: n/a]
line 5 : Found LEFT_PAREN [lexeme: (, literal: n/a]
line 5 : Found VAR [lexeme: var, literal: n/a]
line 5 : Found IDENTIFIER [lexeme: a, literal: n/a]
line 5 : Found COMMA [lexeme: ,, literal: n/a]
line 5 : Found VAR [lexeme: var, literal: n/a]
line 5 : Found IDENTIFIER [lexeme: b, literal: n/a]
line 5 : Found RIGHT_PAREN [lexeme: ), literal: n/a]
line 5 : Found LEFT_BRACE [lexeme: {, literal: n/a]
line 6 : Found RETURN [lexeme: requite, literal: n/a]
line 6 : Found LEFT_PAREN [lexeme: (, literal: n/a]
line 6 : Found IDENTIFIER [lexeme: a, literal: n/a]
line 6 : Found PLUS [lexeme: +, literal: n/a]
line 6 : Found IDENTIFIER [lexeme: b, literal: n/a]
line 6 : Found RIGHT_PAREN [lexeme: ), literal: n/a]
line 6 : Found SEMICOLON [lexeme: ;, literal: n/a]
line 7 : Found RIGHT_BRACE [lexeme: }, literal: n/a]
line 7 : Found EOF [lexeme: , literal: n/a]