line 1 : Found VAR [lexeme: var, literal: n/a]
line 1 : Found IDENTIFIER [lexeme: positive, literal: n/a]
line 1 : Found EQUAL [lexeme: =, literal: n/a]
line 1 : Found TRUE [lexeme: Yea, literal: n/a]
line 1 : Found SEMICOLON [lexeme: ;, literal: n/a]
line 2 : Found VAR [lexeme: var, literal: n/a]
line 2 : Found IDENTIFIER [lexeme: negative, literal: n/a]
line 2 : Found EQUAL [lexeme: =, literal: n/a]
line 2 : Found FALSE [lexeme: Nay, literal: n/a]
line 2 : Found SEMICOLON [lexeme: ;, literal: n/a]
line 4 : Found IDENTIFIER [lexeme: say, literal: n/a]
line 4 : Found LEFT_PAREN [lexeme: (, literal: n/a]
line 4 : Found NUMBER [lexeme: 52, literal: 52]
line 4 : Found IS [lexeme: is, literal: n/a]
line 4 : Found IDENTIFIER [lexeme: int, literal: n/a]
line 4 : Found RIGHT_PAREN [lexeme: ), literal: n/a]
line 4 : Found SEMICOLON [lexeme: ;, literal: n/a]
line 5 : Found IDENTIFIER [lexeme: say, literal: n/a]
line 5 : Found LEFT_PAREN [lexeme: (, literal: n/a]
line 5 : Found IDENTIFIER [lexeme: positive, literal: n/a]
line 5 : Found OR [lexeme: or, literal: n/a]
line 5 : Found IDENTIFIER [lexeme: negative, literal: n/a]
line 5 : Found RIGHT_PAREN [lexeme: ), literal: n/a]
line 5 : Found SEMICOLON [lexeme: ;, literal: n/a]
line 6 : Found IDENTIFIER [lexeme: say, literal: n/a]
line 6 : Found LEFT_PAREN [lexeme: (, literal: n/a]
line 6 : Found IDENTIFIER [lexeme: positive, literal: n/a]
line 6 : Found AND [lexeme: and, literal: n/a]
line 6 : Found IDENTIFIER [lexeme: negative, literal: n/a]
line 6 : Found RIGHT_PAREN [lexeme: ), literal: n/a]
line 6 : Found SEMICOLON [lexeme: ;, literal: n/a]
line 7 : Found IDENTIFIER [lexeme: say, literal: n/a]
line 7 : Found LEFT_PAREN [lexeme: (, literal: n/a]
line 7 : Found IDENTIFIER [lexeme: not, literal: n/a]
line 7 : Found IDENTIFIER [lexeme: positive, literal: n/a]
line 7 : Found RIGHT_PAREN [lexeme: ), literal: n/a]
line 7 : Found SEMICOLON [lexeme: ;, literal: n/a]
line 7 : Found EOF [lexeme: , literal: n/a]
