line 1 : Found VAR [lexeme: var, literal: n/a]
line 1 : Found IDENTIFIER [lexeme: number, literal: n/a]
line 1 : Found EQUAL [lexeme: =, literal: n/a]
line 1 : Found NUMBER [lexeme: 0, literal: 0]
line 1 : Found SEMICOLON [lexeme: ;, literal: n/a]
line 3 : Found WHILE [lexeme: whilst, literal: n/a]
line 3 : Found LEFT_PAREN [lexeme: (, literal: n/a]
line 3 : Found IDENTIFIER [lexeme: number, literal: n/a]
line 3 : Found LESS [lexeme: <, literal: n/a]
line 3 : Found NUMBER [lexeme: 10, literal: 10]
line 3 : Found RIGHT_PAREN [lexeme: ), literal: n/a]
line 3 : Found LEFT_BRACE [lexeme: {, literal: n/a]
line 4 : Found IDENTIFIER [lexeme: number, literal: n/a]
line 4 : Found PLUS [lexeme: +, literal: n/a]
line 4 : Found EQUAL [lexeme: =, literal: n/a]
line 4 : Found NUMBER [lexeme: 1, literal: 1]
line 4 : Found SEMICOLON [lexeme: ;, literal: n/a]
line 5 : Found IF [lexeme: provided, literal: n/a]
line 5 : Found LEFT_PAREN [lexeme: (, literal: n/a]
line 5 : Found IDENTIFIER [lexeme: number, literal: n/a]
line 5 : Found EQUAL_EQUAL [lexeme: ==, literal: n/a]
line 5 : Found NUMBER [lexeme: 8, literal: 8]
line 5 : Found RIGHT_PAREN [lexeme: ), literal: n/a]
line 5 : Found LEFT_BRACE [lexeme: {, literal: n/a]
line 6 : Found BREAK [lexeme: desist, literal: n/a]
line 6 : Found SEMICOLON [lexeme: ;, literal: n/a]
line 7 : Found RIGHT_BRACE [lexeme: }, literal: n/a]
line 8 : Found RIGHT_BRACE [lexeme: }, literal: n/a]
line 10 : Found FOR [lexeme: for, literal: n/a]
line 10 : Found LEFT_PAREN [lexeme: (, literal: n/a]
line 10 : Found VAR [lexeme: var, literal: n/a]
line 10 : Found IDENTIFIER [lexeme: i, literal: n/a]
line 10 : Found SEMICOLON [lexeme: ;, literal: n/a]
line 10 : Found IDENTIFIER [lexeme: i, literal: n/a]
line 10 : Found LESS [lexeme: <, literal: n/a]
line 10 : Found NUMBER [lexeme: 10, literal: 10]
line 10 : Found SEMICOLON [lexeme: ;, literal: n/a]
line 10 : Found IDENTIFIER [lexeme: i, literal: n/a]
line 10 : Found PLUS [lexeme: +, literal: n/a]
line 10 : Found PLUS [lexeme: +, literal: n/a]
line 10 : Found RIGHT_PAREN [lexeme: ), literal: n/a]
line 10 : Found LEFT_BRACE [lexeme: {, literal: n/a]
line 11 : Found IF [lexeme: provided, literal: n/a]
line 11 : Found LEFT_PAREN [lexeme: (, literal: n/a]
line 11 : Found IDENTIFIER [lexeme: i, literal: n/a]
line 11 : Found PERCENT [lexeme: %, literal: n/a]
line 11 : Found NUMBER [lexeme: 2, literal: 2]
line 11 : Found EQUAL_EQUAL [lexeme: ==, literal: n/a]
line 11 : Found NUMBER [lexeme: 1, literal: 1]
line 11 : Found RIGHT_PAREN [lexeme: ), literal: n/a]
line 11 : Found LEFT_BRACE [lexeme: {, literal: n/a]
line 12 : Found CONTINUE [lexeme: proceed, literal: n/a]
line 12 : Found SEMICOLON [lexeme: ;, literal: n/a]
line 13 : Found RIGHT_BRACE [lexeme: }, literal: n/a]
line 14 : Found IDENTIFIER [lexeme: say, literal: n/a]
line 14 : Found IDENTIFIER [lexeme: i, literal: n/a]
line 14 : Found SEMICOLON [lexeme: ;, literal: n/a]
line 15 : Found RIGHT_BRACE [lexeme: }, literal: n/a]
line 15 : Found EOF [lexeme: , literal: n/a]
