line 1 : Found VAR [lexeme: var, literal: n/a]
line 1 : Found IDENTIFIER [lexeme: agree, literal: n/a]
line 1 : Found EQUAL [lexeme: =, literal: n/a]
line 1 : Found TRUE [lexeme: Yea, literal: n/a]
line 1 : Found SEMICOLON [lexeme: ;, literal: n/a]
line 2 : Found VAR [lexeme: var, literal: n/a]
line 2 : Found IDENTIFIER [lexeme: disagree, literal: n/a]
line 2 : Found EQUAL [lexeme: =, literal: n/a]
line 2 : Found FALSE [lexeme: Nay, literal: n/a]
line 2 : Found SEMICOLON [lexeme: ;, literal: n/a]
line 3 : Found VAR [lexeme: var, literal: n/a]
line 3 : Found IDENTIFIER [lexeme: empty, literal: n/a]
line 3 : Found EQUAL [lexeme: =, literal: n/a]
line 3 : Found NIL [lexeme: Nil, literal: n/a]
line 3 : Found SEMICOLON [lexeme: ;, literal: n/a]
line 3 : Found EOF [lexeme: , literal: n/a]
