line 1 : Found VAR [lexeme: var, literal: n/a]
line 1 : Found IDENTIFIER [lexeme: age, literal: n/a]
line 1 : Found EQUAL [lexeme: =, literal: n/a]
line 1 : Found NUMBER [lexeme: 50, literal: 50]
line 1 : Found SEMICOLON [lexeme: ;, literal: n/a]
line 2 : Found VAR [lexeme: var, literal: n/a]
line 2 : Found IDENTIFIER [lexeme: money, literal: n/a]
line 2 : Found EQUAL [lexeme: =, literal: n/a]
line 2 : Found NUMBER [lexeme: 123.45, literal: 123.45]
line 2 : Found SEMICOLON [lexeme: ;, literal: n/a]
line 3 : Found VAR [lexeme: var, literal: n/a]
line 3 : Found IDENTIFIER [lexeme: motto, literal: n/a]
line 3 : Found EQUAL [lexeme: =, literal: n/a]
line 3 : Found STRING [lexeme: "I love TEIC!\n", literal: I love TEIC!
]
line 3 : Found SEMICOLON [lexeme: ;, literal: n/a]
line 4 : Found VAR [lexeme: var, literal: n/a]
line 4 : Found IDENTIFIER [lexeme: while2, literal: n/a]
line 4 : Found EQUAL [lexeme: =, literal: n/a]
line 4 : Found STRING [lexeme: "I'm a variable!", literal: I'm a variable!]
line 4 : Found SEMICOLON [lexeme: ;, literal: n/a]
line 6 : Found CONST [lexeme: const, literal: n/a]
line 6 : Found IDENTIFIER [lexeme: MAIDENS, literal: n/a]
line 6 : Found EQUAL [lexeme: =, literal: n/a]
line 6 : Found NUMBER [lexeme: 0, literal: 0]
line 6 : Found SEMICOLON [lexeme: ;, literal: n/a]
line 6 : Found EOF [lexeme: , literal: n/a]
