line 1 : Found VAR [lexeme: var, literal: n/a]
line 1 : Found IDENTIFIER [lexeme: x, literal: n/a]
line 1 : Found SEMICOLON [lexeme: ;, literal: n/a]
line 2 : Found VAR [lexeme: var, literal: n/a]
line 2 : Found IDENTIFIER [lexeme: a, literal: n/a]
line 2 : Found SEMICOLON [lexeme: ;, literal: n/a]
line 3 : Found VAR [lexeme: var, literal: n/a]
line 3 : Found IDENTIFIER [lexeme: b, literal: n/a]
line 3 : Found SEMICOLON [lexeme: ;, literal: n/a]
line 5 : Found IDENTIFIER [lexeme: x, literal: n/a]
line 5 : Found EQUAL [lexeme: =, literal: n/a]
line 5 : Found IDENTIFIER [lexeme: a, literal: n/a]
line 5 : Found PLUS [lexeme: +, literal: n/a]
line 5 : Found IDENTIFIER [lexeme: b, literal: n/a]
line 5 : Found SEMICOLON [lexeme: ;, literal: n/a]
line 6 : Found IDENTIFIER [lexeme: x, literal: n/a]
line 6 : Found EQUAL [lexeme: =, literal: n/a]
line 6 : Found IDENTIFIER [lexeme: a, literal: n/a]
line 6 : Found MINUS [lexeme: -, literal: n/a]
line 6 : Found IDENTIFIER [lexeme: b, literal: n/a]
line 6 : Found SEMICOLON [lexeme: ;, literal: n/a]
line 7 : Found IDENTIFIER [lexeme: x, literal: n/a]
line 7 : Found EQUAL [lexeme: =, literal: n/a]
line 7 : Found IDENTIFIER [lexeme: a, literal: n/a]
line 7 : Found STAR [lexeme: *, literal: n/a]
line 7 : Found IDENTIFIER [lexeme: b, literal: n/a]
line 7 : Found SEMICOLON [lexeme: ;, literal: n/a]
line 8 : Found IDENTIFIER [lexeme: x, literal: n/a]
line 8 : Found EQUAL [lexeme: =, literal: n/a]
line 8 : Found IDENTIFIER [lexeme: a, literal: n/a]
line 8 : Found SLASH [lexeme: /, literal: n/a]
line 8 : Found IDENTIFIER [lexeme: b, literal: n/a]
line 8 : Found SEMICOLON [lexeme: ;, literal: n/a]
line 9 : Found IDENTIFIER [lexeme: x, literal: n/a]
line 9 : Found EQUAL [lexeme: =, literal: n/a]
line 9 : Found IDENTIFIER [lexeme: a, literal: n/a]
line 9 : Found MODULO [lexeme: %, literal: n/a]
line 9 : Found IDENTIFIER [lexeme: b, literal: n/a]
line 9 : Found SEMICOLON [lexeme: ;, literal: n/a]
line 10 : Found IDENTIFIER [lexeme: x, literal: n/a]
line 10 : Found EQUAL [lexeme: =, literal: n/a]
line 10 : Found IDENTIFIER [lexeme: a, literal: n/a]
line 10 : Found LESS [lexeme: <, literal: n/a]
line 10 : Found IDENTIFIER [lexeme: b, literal: n/a]
line 10 : Found SEMICOLON [lexeme: ;, literal: n/a]
line 11 : Found IDENTIFIER [lexeme: x, literal: n/a]
line 11 : Found EQUAL [lexeme: =, literal: n/a]
line 11 : Found IDENTIFIER [lexeme: a, literal: n/a]
line 11 : Found GREATER [lexeme: >, literal: n/a]
line 11 : Found IDENTIFIER [lexeme: b, literal: n/a]
line 11 : Found SEMICOLON [lexeme: ;, literal: n/a]
line 12 : Found IDENTIFIER [lexeme: x, literal: n/a]
line 12 : Found EQUAL [lexeme: =, literal: n/a]
line 12 : Found IDENTIFIER [lexeme: a, literal: n/a]
line 12 : Found AND [lexeme: and, literal: n/a]
line 12 : Found IDENTIFIER [lexeme: b, literal: n/a]
line 12 : Found SEMICOLON [lexeme: ;, literal: n/a]
line 13 : Found IDENTIFIER [lexeme: x, literal: n/a]
line 13 : Found EQUAL [lexeme: =, literal: n/a]
line 13 : Found IDENTIFIER [lexeme: a, literal: n/a]
line 13 : Found OR [lexeme: or, literal: n/a]
line 13 : Found IDENTIFIER [lexeme: b, literal: n/a]
line 13 : Found SEMICOLON [lexeme: ;, literal: n/a]
line 14 : Found IDENTIFIER [lexeme: x, literal: n/a]
line 14 : Found EQUAL [lexeme: =, literal: n/a]
line 14 : Found IDENTIFIER [lexeme: not, literal: n/a]
line 14 : Found IDENTIFIER [lexeme: a, literal: n/a]
line 14 : Found SEMICOLON [lexeme: ;, literal: n/a]
line 15 : Found IDENTIFIER [lexeme: x, literal: n/a]
line 15 : Found EQUAL [lexeme: =, literal: n/a]
line 15 : Found BANG [lexeme: !, literal: n/a]
line 15 : Found IDENTIFIER [lexeme: a, literal: n/a]
line 15 : Found SEMICOLON [lexeme: ;, literal: n/a]
line 16 : Found IDENTIFIER [lexeme: x, literal: n/a]
line 16 : Found EQUAL [lexeme: =, literal: n/a]
line 16 : Found MINUS [lexeme: -, literal: n/a]
line 16 : Found IDENTIFIER [lexeme: a, literal: n/a]
line 16 : Found SEMICOLON [lexeme: ;, literal: n/a]
line 16 : Found EOF [lexeme: , literal: n/a]
