line 1 : Found VAR [lexeme: var, literal: n/a]
line 1 : Found IDENTIFIER [lexeme: a, literal: n/a]
line 1 : Found EQUAL [lexeme: =, literal: n/a]
line 1 : Found TRUE [lexeme: Yea, literal: n/a]
line 1 : Found SEMICOLON [lexeme: ;, literal: n/a]
line 2 : Found VAR [lexeme: var, literal: n/a]
line 2 : Found IDENTIFIER [lexeme: b, literal: n/a]
line 2 : Found EQUAL [lexeme: =, literal: n/a]
line 2 : Found FALSE [lexeme: Nay, literal: n/a]
line 2 : Found SEMICOLON [lexeme: ;, literal: n/a]
line 4 : Found IDENTIFIER [lexeme: a, literal: n/a]
line 4 : Found AND [lexeme: &&, literal: n/a]
line 4 : Found IDENTIFIER [lexeme: b, literal: n/a]
line 4 : Found SEMICOLON [lexeme: ;, literal: n/a]
line 5 : Found IDENTIFIER [lexeme: a, literal: n/a]
line 5 : Found IDENTIFIER [lexeme: b, literal: n/a]
line 5 : Found SEMICOLON [lexeme: ;, literal: n/a]
line 5 : Found EOF [lexeme: , literal: n/a]
