line 1	: Found IF [lexeme: provided, literal: n/a]
line 1	: Found LEFT_PAREN [lexeme: (, literal: n/a]
line 1	: Found IDENTIFIER [lexeme: x, literal: n/a]
line 1	: Found GREATER [lexeme: >, literal: n/a]
line 1	: Found NUMBER [lexeme: 0, literal: 0]
line 1	: Found RIGHT_PAREN [lexeme: ), literal: n/a]
line 1	: Found LEFT_BRACE [lexeme: {, literal: n/a]
line 2	: Found RETURN [lexeme: requite, literal: n/a]
line 2	: Found TRUE [lexeme: Yea, literal: n/a]
line 2	: Found SEMICOLON [lexeme: ;, literal: n/a]
line 3	: Found RIGHT_BRACE [lexeme: }, literal: n/a]
line 3	: Found YET [lexeme: yet, literal: n/a]
line 3	: Found IF [lexeme: provided, literal: n/a]
line 3	: Found LEFT_PAREN [lexeme: (, literal: n/a]
line 3	: Found IDENTIFIER [lexeme: x, literal: n/a]
line 3	: Found EQUAL_EQUAL [lexeme: ==, literal: n/a]
line 3	: Found NUMBER [lexeme: 0, literal: 0]
line 3	: Found RIGHT_PAREN [lexeme: ), literal: n/a]
line 3	: Found LEFT_BRACE [lexeme: {, literal: n/a]
line 4	: Found RETURN [lexeme: requite, literal: n/a]
line 4	: Found FALSE [lexeme: Nay, literal: n/a]
line 4	: Found SEMICOLON [lexeme: ;, literal: n/a]
line 5	: Found RIGHT_BRACE [lexeme: }, literal: n/a]
line 5	: Found ELSE [lexeme: otherwise, literal: n/a]
line 5	: Found LEFT_BRACE [lexeme: {, literal: n/a]
line 6	: Found RETURN [lexeme: requite, literal: n/a]
line 6	: Found NIL [lexeme: Nil, literal: n/a]
line 6	: Found SEMICOLON [lexeme: ;, literal: n/a]
line 7	: Found RIGHT_BRACE [lexeme: }, literal: n/a]
line 9	: Found WHILE [lexeme: whilst, literal: n/a]
line 9	: Found LEFT_PAREN [lexeme: (, literal: n/a]
line 9	: Found TRUE [lexeme: Yea, literal: n/a]
line 9	: Found RIGHT_PAREN [lexeme: ), literal: n/a]
line 9	: Found LEFT_BRACE [lexeme: {, literal: n/a]
line 10	: Found BREAK [lexeme: desist, literal: n/a]
line 10	: Found SEMICOLON [lexeme: ;, literal: n/a]
line 11	: Found RIGHT_BRACE [lexeme: }, literal: n/a]
line 12	: Found EOF [lexeme: , literal: n/a]
