line 1 : Found VAR [lexeme: var, literal: n/a]
line 1 : Found IDENTIFIER [lexeme: foo, literal: n/a]
line 1 : Found EQUAL [lexeme: =, literal: n/a]
line 1 : Found NUMBER [lexeme: 5, literal: 5]
line 1 : Found SEMICOLON [lexeme: ;, literal: n/a]
line 2 : Found IDENTIFIER [lexeme: if, literal: n/a]
line 2 : Found LEFT_PAREN [lexeme: (, literal: n/a]
line 2 : Found IDENTIFIER [lexeme: foo, literal: n/a]
line 2 : Found BANG_EQUAL [lexeme: !=, literal: n/a]
line 2 : Found NUMBER [lexeme: 4, literal: 4]
line 2 : Found RIGHT_PAREN [lexeme: ), literal: n/a]
line 2 : Found LEFT_BRACE [lexeme: {, literal: n/a]
line 3 : Found IDENTIFIER [lexeme: foo, literal: n/a]
line 3 : Found EQUAL [lexeme: =, literal: n/a]
line 3 : Found NUMBER [lexeme: 4, literal: 4]
line 3 : Found SEMICOLON [lexeme: ;, literal: n/a]
line 4 : Found RIGHT_BRACE [lexeme: }, literal: n/a]
line 4 : Found EOF [lexeme: , literal: n/a]