line 1	: Found VAR [lexeme: var, literal: n/a]
line 1	: Found IDENTIFIER [lexeme: count, literal: n/a]
line 1	: Found EQUAL [lexeme: =, literal: n/a]
line 1	: Found NUMBER [lexeme: 42, literal: 42]
line 1	: Found SEMICOLON [lexeme: ;, literal: n/a]
line 2	: Found VAR [lexeme: var, literal: n/a]
line 2	: Found IDENTIFIER [lexeme: pi, literal: n/a]
line 2	: Found EQUAL [lexeme: =, literal: n/a]
line 2	: Found NUMBER [lexeme: 3.14, literal: 3.14]
line 2	: Found SEMICOLON [lexeme: ;, literal: n/a]
line 3	: Found VAR [lexeme: var, literal: n/a]
line 3	: Found IDENTIFIER [lexeme: msg, literal: n/a]
line 3	: Found EQUAL [lexeme: =, literal: n/a]
line 3	: Found STRING [lexeme: "hello", literal: hello]
line 3	: Found SEMICOLON [lexeme: ;, literal: n/a]
line 4	: Found VAR [lexeme: var, literal: n/a]
line 4	: Found IDENTIFIER [lexeme: ch, literal: n/a]
line 4	: Found EQUAL [lexeme: =, literal: n/a]
line 4	: Found CHARACTER [lexeme: 'a', literal: a]
line 4	: Found SEMICOLON [lexeme: ;, literal: n/a]
line 5	: Found IDENTIFIER [lexeme: count, literal: n/a]
line 5	: Found PLUS [lexeme: +, literal: n/a]
line 5	: Found EQUAL [lexeme: =, literal: n/a]
line 5	: Found NUMBER [lexeme: 5, literal: 5]
line 5	: Found SEMICOLON [lexeme: ;, literal: n/a]
line 6	: Found IDENTIFIER [lexeme: count, literal: n/a]
line 7	: Found EOF [lexeme: , literal: n/a]
