line 1  : Found VAR [lexeme: var, literal: n/a]
line 1  : Found IDENTIFIER [lexeme: teic, literal: n/a]
line 1  : Found EQUAL [lexeme: =, literal: n/a]
line 1  : Found STRING [lexeme: "", literal: ]
line 1  : Found SEMICOLON [lexeme: ;, literal: n/a]
line 2  : Found IDENTIFIER [lexeme: teic, literal: n/a]
line 2  : Found EQUAL [lexeme: =, literal: n/a]
line 2  : Found STRING [lexeme: "TEIC is awesome!", literal: TEIC is awesome!]
line 2  : Found SEMICOLON [lexeme: ;, literal: n/a]
line 3  : Found IDENTIFIER [lexeme: teic, literal: n/a]
line 3  : Found EQUAL [lexeme: =, literal: n/a]
line 3  : Found EOF [lexeme: , literal: n/a]
